
## 2026-04-21T19:05:01.488Z ecosystem-clone-upstream
CLONE 0xNyk/pretext-playground -> /Users/me/projects/storytelling-capsules/pretext__aculich/upstream/0xNyk-pretext-playground
CLONE acoyfellow/cloudterm -> /Users/me/projects/storytelling-capsules/pretext__aculich/upstream/acoyfellow-cloudterm
CLONE cocktailpeanut/textmash -> /Users/me/projects/storytelling-capsules/pretext__aculich/upstream/cocktailpeanut-textmash
CLONE darkroomengineering/fitbox -> /Users/me/projects/storytelling-capsules/pretext__aculich/upstream/darkroomengineering-fitbox
CLONE jihchi/react-pretext -> /Users/me/projects/storytelling-capsules/pretext__aculich/upstream/jihchi-react-pretext
CLONE joeflateau-octavius/pretext-rich -> /Users/me/projects/storytelling-capsules/pretext__aculich/upstream/joeflateau-octavius-pretext-rich
CLONE lucascrespo23/pinch-type -> /Users/me/projects/storytelling-capsules/pretext__aculich/upstream/lucascrespo23-pinch-type
CLONE mateffy/pretext-php -> /Users/me/projects/storytelling-capsules/pretext__aculich/upstream/mateffy-pretext-php
CLONE ShipItAndPray/pretext-a11y -> /Users/me/projects/storytelling-capsules/pretext__aculich/upstream/ShipItAndPray-pretext-a11y
CLONE ShipItAndPray/pretext-accordion -> /Users/me/projects/storytelling-capsules/pretext__aculich/upstream/ShipItAndPray-pretext-accordion
CLONE ShipItAndPray/pretext-animate -> /Users/me/projects/storytelling-capsules/pretext__aculich/upstream/ShipItAndPray-pretext-animate
CLONE ShipItAndPray/pretext-blocks -> /Users/me/projects/storytelling-capsules/pretext__aculich/upstream/ShipItAndPray-pretext-blocks
CLONE ShipItAndPray/pretext-canvas -> /Users/me/projects/storytelling-capsules/pretext__aculich/upstream/ShipItAndPray-pretext-canvas
CLONE ShipItAndPray/pretext-captions -> /Users/me/projects/storytelling-capsules/pretext__aculich/upstream/ShipItAndPray-pretext-captions
CLONE ShipItAndPray/pretext-chat -> /Users/me/projects/storytelling-capsules/pretext__aculich/upstream/ShipItAndPray-pretext-chat
CLONE ShipItAndPray/pretext-code-minimap -> /Users/me/projects/storytelling-capsules/pretext__aculich/upstream/ShipItAndPray-pretext-code-minimap
CLONE ShipItAndPray/pretext-comic -> /Users/me/projects/storytelling-capsules/pretext__aculich/upstream/ShipItAndPray-pretext-comic
CLONE ShipItAndPray/pretext-devtools -> /Users/me/projects/storytelling-capsules/pretext__aculich/upstream/ShipItAndPray-pretext-devtools
CLONE ShipItAndPray/pretext-diff -> /Users/me/projects/storytelling-capsules/pretext__aculich/upstream/ShipItAndPray-pretext-diff
CLONE ShipItAndPray/pretext-diff-navigator -> /Users/me/projects/storytelling-capsules/pretext__aculich/upstream/ShipItAndPray-pretext-diff-navigator
CLONE ShipItAndPray/pretext-docgen -> /Users/me/projects/storytelling-capsules/pretext__aculich/upstream/ShipItAndPray-pretext-docgen
CLONE ShipItAndPray/pretext-editor -> /Users/me/projects/storytelling-capsules/pretext__aculich/upstream/ShipItAndPray-pretext-editor
CLONE ShipItAndPray/pretext-epub -> /Users/me/projects/storytelling-capsules/pretext__aculich/upstream/ShipItAndPray-pretext-epub
CLONE ShipItAndPray/pretext-forms -> /Users/me/projects/storytelling-capsules/pretext__aculich/upstream/ShipItAndPray-pretext-forms
CLONE ShipItAndPray/pretext-gantt -> /Users/me/projects/storytelling-capsules/pretext__aculich/upstream/ShipItAndPray-pretext-gantt
CLONE ShipItAndPray/pretext-i18n -> /Users/me/projects/storytelling-capsules/pretext__aculich/upstream/ShipItAndPray-pretext-i18n
CLONE ShipItAndPray/pretext-infinite-canvas -> /Users/me/projects/storytelling-capsules/pretext__aculich/upstream/ShipItAndPray-pretext-infinite-canvas
CLONE ShipItAndPray/pretext-logviewer -> /Users/me/projects/storytelling-capsules/pretext__aculich/upstream/ShipItAndPray-pretext-logviewer
CLONE ShipItAndPray/pretext-map-labels -> /Users/me/projects/storytelling-capsules/pretext__aculich/upstream/ShipItAndPray-pretext-map-labels
CLONE ShipItAndPray/pretext-markdown -> /Users/me/projects/storytelling-capsules/pretext__aculich/upstream/ShipItAndPray-pretext-markdown
CLONE ShipItAndPray/pretext-masonry -> /Users/me/projects/storytelling-capsules/pretext__aculich/upstream/ShipItAndPray-pretext-masonry
CLONE ShipItAndPray/pretext-og -> /Users/me/projects/storytelling-capsules/pretext__aculich/upstream/ShipItAndPray-pretext-og
CLONE ShipItAndPray/pretext-overflow-menu -> /Users/me/projects/storytelling-capsules/pretext__aculich/upstream/ShipItAndPray-pretext-overflow-menu
CLONE ShipItAndPray/pretext-overflow-monitor -> /Users/me/projects/storytelling-capsules/pretext__aculich/upstream/ShipItAndPray-pretext-overflow-monitor
CLONE ShipItAndPray/pretext-pdf -> /Users/me/projects/storytelling-capsules/pretext__aculich/upstream/ShipItAndPray-pretext-pdf
CLONE ShipItAndPray/pretext-react -> /Users/me/projects/storytelling-capsules/pretext__aculich/upstream/ShipItAndPray-pretext-react
CLONE ShipItAndPray/pretext-repl -> /Users/me/projects/storytelling-capsules/pretext__aculich/upstream/ShipItAndPray-pretext-repl
CLONE ShipItAndPray/pretext-rn -> /Users/me/projects/storytelling-capsules/pretext__aculich/upstream/ShipItAndPray-pretext-rn
CLONE ShipItAndPray/pretext-slides -> /Users/me/projects/storytelling-capsules/pretext__aculich/upstream/ShipItAndPray-pretext-slides
CLONE ShipItAndPray/pretext-sparkline -> /Users/me/projects/storytelling-capsules/pretext__aculich/upstream/ShipItAndPray-pretext-sparkline
CLONE ShipItAndPray/pretext-ssr -> /Users/me/projects/storytelling-capsules/pretext__aculich/upstream/ShipItAndPray-pretext-ssr
CLONE ShipItAndPray/pretext-storybook -> /Users/me/projects/storytelling-capsules/pretext__aculich/upstream/ShipItAndPray-pretext-storybook
CLONE ShipItAndPray/pretext-table -> /Users/me/projects/storytelling-capsules/pretext__aculich/upstream/ShipItAndPray-pretext-table
CLONE ShipItAndPray/pretext-terminal -> /Users/me/projects/storytelling-capsules/pretext__aculich/upstream/ShipItAndPray-pretext-terminal
CLONE ShipItAndPray/pretext-tooltip -> /Users/me/projects/storytelling-capsules/pretext__aculich/upstream/ShipItAndPray-pretext-tooltip
CLONE ShipItAndPray/pretext-truncate -> /Users/me/projects/storytelling-capsules/pretext__aculich/upstream/ShipItAndPray-pretext-truncate
CLONE ShipItAndPray/pretext-tts-highlight -> /Users/me/projects/storytelling-capsules/pretext__aculich/upstream/ShipItAndPray-pretext-tts-highlight
CLONE ShipItAndPray/pretext-typewriter -> /Users/me/projects/storytelling-capsules/pretext__aculich/upstream/ShipItAndPray-pretext-typewriter
CLONE ShipItAndPray/pretext-webxr -> /Users/me/projects/storytelling-capsules/pretext__aculich/upstream/ShipItAndPray-pretext-webxr
CLONE ShipItAndPray/pretext-word-cloud -> /Users/me/projects/storytelling-capsules/pretext__aculich/upstream/ShipItAndPray-pretext-word-cloud
CLONE somnai-dreams/preimage -> /Users/me/projects/storytelling-capsules/pretext__aculich/upstream/somnai-dreams-preimage
CLONE Top-g-hash/nuxt-pretext -> /Users/me/projects/storytelling-capsules/pretext__aculich/upstream/Top-g-hash-nuxt-pretext
DONE ok=52 fail=0
